// Jest Snapshot v1, https://goo.gl/fbAQLP

exports[`testando a renderização a page Patient 1`] = `null`;
