// Jest Snapshot v1, https://goo.gl/fbAQLP

exports[`Testando a renderização da page Appointment 1`] = `null`;
